npx : ΓÜá Warning: 
Next.js inferred your 
workspace root, but it 
may not be correct.
At line:1 char:1
+ npx next build > 
build_errors.txt 2>&1 ; 
cat build_errors.txt | 
Selec ...
+ ~~~~~~~~~~~~~~~~~~~~~~
~~~~~~~~~~~~~~~~
    + CategoryInfo      
        : NotSpecified  
  : (ΓÜá Warning: Ne.   
 ..not be correct.:S    
tring) [], RemoteEx    
ception
    + FullyQualifiedErr 
   orId : NativeComman  
  dError
 
 We detected multiple 
lockfiles and selected 
the directory of C:\User
s\laksh\package-lock.jso
n as the root directory.
 To silence this 
warning, set 
`turbopack.root` in 
your Next.js config, or 
consider removing one 
of the lockfiles if 
it's not needed.
   See https://nextjs.or
g/docs/app/api-reference
/config/next-config-js/t
urbopack#root-directory 
for more information.
 Detected additional 
lockfiles: 
   * C:\Users\laksh\doit
forme1\package-lock.json

Γû▓ Next.js 16.1.0 (Turbopack)
- Environments: .env.local

  Creating an optimized production build ...

-----
[1m[31mFATAL[39m[0m:
 An unexpected 
Turbopack error 
occurred. A panic log 
has been written to C:\U
sers\laksh\AppData\Local
\Temp\next-panic-7ea69d7
10415c8452928b083a0e889c
6.log.

To help make Turbopack 
better, report this 
error by ]8;;https://gi
thub.com/vercel/next.js/
discussions/new?category
=turbopack-error-report&
title=Turbopack%20Error%
3A%20create%20symlink%20
to%20..%2F..%2F..%2F..%2
Fdoitforme1%2Fnode_modul
es%2F%40xenova%2Ftransfo
rmers&body=Turbopack%20v
ersion%3A%20%60ea1df5f2%
60%0ANext.js%20version%3
A%20%600.0.0%60%0A%0AErr
or%20message%3A%0A%60%60
%60%0Acreate%20symlink%2
0to%20..%2F..%2F..%2F..%
2Fdoitforme1%2Fnode_modu
les%2F%40xenova%2Ftransf
ormers%0A%0ACaused%20by%
3A%0A-%20A%20required%20
privilege%20is%20not%20h
eld%20by%20the%20client.
%20%28os%20error%201314%
29%0A%60%60%60&labels=Tu
rbopack,Turbopack%20Pani
c%20Backtrace\clicking 
here.]8;;\
-----


> Build error occurred
Error [TurbopackInternal
Error]: create symlink 
to ../../../../doitforme
1/node_modules/@xenova/t
ransformers

Caused by:
- A required privilege 
is not held by the 
client. (os error 1314)
    at ignore-listed 
frames {
  type: 'TurbopackIntern
alError',
  location: undefined
}
