
> doitforme1@0.1.0 build
> next build --webpack

Γû▓ Next.js 16.1.0 (webpack)
- Environments: .env.local

  Creating an optimized production build ...
npm : Failed to compile.
At line:1 char:1
+ npm run build > 
build_output.txt 2>&1
+ ~~~~~~~~~~~~~~~~~~~~~~~~~~~~
~~~~~~~~~
    + CategoryInfo          : 
    NotSpecified: (Failed to  
   compile.:String) [], Rem   
 oteException
    + FullyQualifiedErrorId : 
    NativeCommandError
 

./store/useGigFormStore.ts
Module not found: Can't 
resolve 'zustand'

https://nextjs.org/docs/messag
es/module-not-found

Import trace for requested 
module:
./app/post/page.tsx

./store/useGigFormStore.ts
Module not found: Can't 
resolve 'zustand/middleware'

https://nextjs.org/docs/messag
es/module-not-found

Import trace for requested 
module:
./app/post/page.tsx


> Build failed because of 
webpack errors
