.next/dev/types/app/api/test/route.ts(2,24): error TS2307: Cannot find module '../../../../../../app/api/test/route.js' or its corresponding type declarations.
.next/dev/types/app/api/test/route.ts(7,29): error TS2307: Cannot find module '../../../../../../app/api/test/route.js' or its corresponding type declarations.
